../Core/Src/main.c:102:5:main	8	static
../Core/Src/main.c:166:6:SystemClock_Config	88	static
../Core/Src/main.c:213:13:MX_ADC1_Init	24	static
../Core/Src/main.c:269:13:MX_ADC2_Init	24	static
../Core/Src/main.c:316:13:MX_TIM1_Init	80	static
../Core/Src/main.c:383:13:MX_TIM3_Init	32	static
../Core/Src/main.c:428:13:MX_DMA_Init	16	static
../Core/Src/main.c:446:13:MX_GPIO_Init	40	static
../Core/Src/main.c:483:6:HAL_ADC_ConvHalfCpltCallback	16	static
../Core/Src/main.c:487:6:HAL_ADC_ConvCpltCallback	16	static
../Core/Src/main.c:492:6:Calc_Impedance	24	static
../Core/Src/main.c:518:6:Enter_Idle_State	8	static,ignoring_inline_asm
../Core/Src/main.c:540:6:Error_Handler	4	static,ignoring_inline_asm
